<?xml version="1.0" encoding="UTF-8" ?>
<testsuites disabled="0" errors="0" failures="1" tests="3" time="0.005">
 <testsuite name="A suite" timestamp="2018-05-17T08:59:45" hostname="localhost" time="0.005" errors="0" tests="3" skipped="1" disabled="0" failures="1">
  <testcase classname="A suite" name="fails" time="0.002">
   <failure type="toBe" message="Expected false to be true."><![CDATA[Error: Expected false to be true.
    at <Jasmine>
    at UserContext.<anonymous> (/Users/tooky/tmp/jasmin/spec/a_spec.js:3:19)
    at <Jasmine>]]>
   </failure>
  </testcase>
  <testcase classname="A suite" name="passed" time="0" />
  <testcase classname="A suite" name="pending" time="0">
   <skipped message="Temporarily disabled with xit" />
  </testcase>
 </testsuite>
</testsuites>